// Vitest Snapshot v1, https://vitest.dev/guide/snapshot.html

exports[`loadPackageFromGithub > should load a package 1`] = `
{
  "contributors": [
    {
      "path": "https://github.com/roll",
      "role": "author",
      "title": "roll",
    },
  ],
  "created": "2019-11-11T10:48:02Z",
  "name": "data",
  "resources": [
    {
      "bytes": 6,
      "format": "md",
      "github:key": undefined,
      "github:url": undefined,
      "hash": "sha1:31cd35605bbee1d3b3f297d5b0462028a46a0380",
      "name": "readme",
      "path": "https://raw.githubusercontent.com/roll/data/refs/heads/master/README.md",
    },
    {
      "bytes": 67920590,
      "format": "zip",
      "github:key": undefined,
      "github:url": undefined,
      "hash": "sha1:7c32a3955b961c3fe7646fac499177ab5e5af524",
      "name": "data",
      "path": "https://raw.githubusercontent.com/roll/data/refs/heads/master/data/data.zip",
    },
    {
      "bytes": 192,
      "format": "json",
      "github:key": undefined,
      "github:url": undefined,
      "hash": "sha1:8905b138ed93ebb9e78945126ac2a423d31babc9",
      "name": "meta",
      "path": "https://raw.githubusercontent.com/roll/data/refs/heads/master/data/meta.json",
    },
    {
      "bytes": 1000000,
      "format": "csv",
      "github:key": undefined,
      "github:url": undefined,
      "hash": "sha1:f79b42b814066ec87cc734d932c64733c47444df",
      "name": "table1",
      "path": "https://raw.githubusercontent.com/roll/data/refs/heads/master/data/table1.csv",
    },
    {
      "bytes": 10000000,
      "format": "csv",
      "github:key": undefined,
      "github:url": undefined,
      "hash": "sha1:f352795df6534642cc0a9fe6d9b2b3f8fa80135a",
      "name": "table10",
      "path": "https://raw.githubusercontent.com/roll/data/refs/heads/master/data/table10.csv",
    },
    {
      "bytes": 100000000,
      "format": "csv",
      "github:key": undefined,
      "github:url": undefined,
      "hash": "sha1:734520644f4616825209c0c7a0750e5887b93a76",
      "name": "table100",
      "path": "https://raw.githubusercontent.com/roll/data/refs/heads/master/data/table100.csv",
    },
    {
      "bytes": 5000000,
      "format": "csv",
      "github:key": undefined,
      "github:url": undefined,
      "hash": "sha1:306b2975e0e469a2eec853b1a4856acb25a1dab6",
      "name": "table5",
      "path": "https://raw.githubusercontent.com/roll/data/refs/heads/master/data/table5.csv",
    },
    {
      "bytes": 50000000,
      "format": "csv",
      "github:key": undefined,
      "github:url": undefined,
      "hash": "sha1:eca005a30f75202d7ccdadbbb6789a9ae0389555",
      "name": "table50",
      "path": "https://raw.githubusercontent.com/roll/data/refs/heads/master/data/table50.csv",
    },
    {
      "bytes": 513,
      "format": "json",
      "github:key": undefined,
      "github:url": undefined,
      "hash": "sha1:4564795a02255050972182a43590b853dee8b8b5",
      "name": "package",
      "path": "https://raw.githubusercontent.com/roll/data/refs/heads/master/package.json",
    },
    {
      "bytes": 1952,
      "format": "js",
      "github:key": undefined,
      "github:url": undefined,
      "hash": "sha1:59f443ca5062f3f84937490509d6cc25571fb853",
      "name": "generate",
      "path": "https://raw.githubusercontent.com/roll/data/refs/heads/master/scripts/generate.js",
    },
  ],
  "title": "roll/data",
}
`;

exports[`loadPackageFromGithub > should merge datapackage.json if present 1`] = `
{
  "contributors": [
    {
      "path": "https://github.com/roll",
      "role": "author",
      "title": "roll",
    },
  ],
  "created": "2021-07-07T14:09:49Z",
  "description": "ISO 4217 List of Currencies and Currency Codes",
  "homepage": "https://datahub.io/core/currency-codes",
  "name": "currency-codes",
  "resources": [
    {
      "github:key": undefined,
      "github:url": undefined,
      "mimetype": "text/csv",
      "name": "codes-all",
      "path": "https://raw.githubusercontent.com/roll/currency-codes/refs/heads/master/data/codes-all.csv",
      "schema": {
        "fields": [
          {
            "description": "Country or region name",
            "name": "Entity",
            "type": "string",
          },
          {
            "description": "Name of the currency",
            "name": "Currency",
            "type": "string",
          },
          {
            "description": "3 digit alphabetic code for the currency",
            "name": "AlphabeticCode",
            "title": "Alphabetic Code",
            "type": "string",
          },
          {
            "description": "3 digit numeric code",
            "name": "NumericCode",
            "title": "Numeric Code",
            "type": "number",
          },
          {
            "description": "",
            "name": "MinorUnit",
            "title": "Minor Unit",
            "type": "string",
          },
          {
            "description": "Date currency withdrawn (values can be ranges or months",
            "name": "WithdrawalDate",
            "title": "Withdrawal Date",
            "type": "string",
          },
        ],
      },
      "size": "16863",
    },
  ],
  "title": "roll/currency-codes",
}
`;
