// Vitest Snapshot v1, https://vitest.dev/guide/snapshot.html

exports[`loadPackageFromZenodo > should load a package 1`] = `
{
  "contributors": [
    {
      "path": "path",
      "role": "author",
      "title": "title",
    },
  ],
  "created": "2025-05-24",
  "description": "description",
  "keywords": [
    "keyword1",
    "keyword2",
  ],
  "licenses": [
    {
      "name": {
        "id": "mit-license",
      },
    },
  ],
  "name": "record-260528",
  "resources": [
    {
      "bytes": 30,
      "format": "csv",
      "hash": "md5:6c2c61dd9b0e9c6876139a449ed87933",
      "name": "table",
      "path": "https://sandbox.zenodo.org/records/260528/files/table.csv",
    },
    {
      "bytes": 23,
      "format": "json",
      "hash": "md5:0de7e07cbe2fc19dd077133951760eed",
      "name": "dialect",
      "path": "https://sandbox.zenodo.org/records/260528/files/dialect.json",
    },
    {
      "bytes": 136,
      "format": "json",
      "hash": "md5:30208ec3060c83e82f626cdd19795c69",
      "name": "schema",
      "path": "https://sandbox.zenodo.org/records/260528/files/schema.json",
    },
    {
      "bytes": 824,
      "format": "json",
      "hash": "md5:028c7ddf791931e9738a3e7e8586ea34",
      "name": "datapackage",
      "path": "https://sandbox.zenodo.org/records/260528/files/datapackage.json",
    },
  ],
  "title": "title",
  "version": "1.0",
}
`;
