// Vitest Snapshot v1, https://vitest.dev/guide/snapshot.html

exports[`loadPackageFromDatahub > should load a package 1`] = `
{
  "$schema": undefined,
  "collection": "air-pollution",
  "description": "Data about the EU emission trading system (ETS). The EU emission trading system (ETS) is one of the main measures introduced by the EU to achieve cost-efficient reductions of greenhouse gas emissions and reach its targets under the Kyoto Protocol and other commitments. The data mainly comes from the EU Transaction Log (EUTL). ",
  "homepage": "http://www.eea.europa.eu/data-and-maps/data/european-union-emissions-trading-scheme-eu-ets-data-from-citl-7/",
  "licenses": [
    {
      "name": "ODC-PDDL-1.0",
      "path": "http://opendatacommons.org/licenses/pddl/",
      "title": "Open Data Commons Public Domain Dedication and License v1.0",
    },
  ],
  "name": "eu-emissions-trading-system",
  "resources": [
    {
      "$schema": undefined,
      "format": "csv",
      "mediatype": "text/csv",
      "name": "eu-ets",
      "path": "https://datahub.io/core/eu-emissions-trading-system/data/eu-ets.csv",
      "schema": {
        "$schema": undefined,
        "descriptor": {
          "fields": [
            {
              "description": "International Country Code (ISO 3166-1-Alpha-2 code elements)",
              "name": "country_code",
              "type": "string",
            },
            {
              "description": "Country name",
              "name": "country",
              "type": "string",
            },
            {
              "description": "Main activity label",
              "name": "main activity sector name",
              "type": "string",
            },
            {
              "description": "ETS information",
              "name": "ETS information",
              "type": "string",
            },
            {
              "description": "Annual data mainly in YYYY format, but also may include stings Eg: Total 1st trading period (05-07)",
              "name": "year",
              "type": "string",
            },
            {
              "description": "measure value",
              "name": "value",
              "type": "number",
            },
            {
              "description": "Unit of the measure value (in tonne of CO2-equ.)",
              "name": "unit",
              "type": "string",
            },
          ],
        },
      },
    },
  ],
  "sources": [
    {
      "name": "EU ETS data",
      "path": "http://www.eea.europa.eu/data-and-maps/data/european-union-emissions-trading-scheme-eu-ets-data-from-citl-7/eu-ets-data-download-latest-version/citl_v19.zip/at_download/file",
      "title": "EU ETS data",
    },
  ],
  "title": "European Union Emissions Trading System (EU ETS) data from EUTL",
  "version": "19",
}
`;
